[36mvite v8.0.3 [32mbuilding client environment for production...[36m[39m
[2K
node.exe : [33m[vite:css][postcss] @import must 
precede all other statements (besides @charset or 
empty @layer)
At line:1 char:1
+ & "C:\Program Files\nodejs/node.exe" "C:\Program 
Files\nodejs/node_mo ...
+ ~~~~~~~~~~~~~~~~~~~~~~~~~~~~~~~~~~~~~~~~~~~~~~~~~
~~~~~~~~~~~~~~~~~~~~
    + CategoryInfo          : NotSpecified: ([33m 
   [vite:css]...r empty @layer):String) [], Remot  
  eException
    + FullyQualifiedErrorId : NativeCommandError
 
4  |  
5  |  /* ΓöÇΓöÇΓöÇ Google Font ΓöÇΓöÇΓöÇΓöÇΓöÇΓöÇΓö
ÇΓöÇΓöÇΓöÇΓöÇΓöÇΓöÇΓöÇΓöÇΓöÇΓöÇΓöÇΓöÇΓöÇΓöÇΓöÇΓöÇΓö
ÇΓöÇΓöÇΓöÇΓöÇΓöÇΓöÇΓöÇΓöÇΓöÇΓöÇΓöÇΓöÇΓöÇΓöÇΓöÇΓöÇΓö
ÇΓöÇΓöÇ */
6  |  @import url('https://fonts.googleapis.com/css
2?family=Inter:wght@300;400;500;600;700;800;900&dis
play=swap');
   |  ^^^^^^^^^^^^^^^^^^^^^^^^^^^^^^^^^^^^^^^^^^^^^
^^^^^^^^^^^^^^^^^^^^^^^^^^^^^^^^^^^^^^^^^^^^^^^^^^^
^^^^^^^^^^^^
7  |  
8  |  /* ΓöÇΓöÇΓöÇ Base Styles ΓöÇΓöÇΓöÇΓöÇΓöÇΓöÇΓö
ÇΓöÇΓöÇΓöÇΓöÇΓöÇΓöÇΓöÇΓöÇΓöÇΓöÇΓöÇΓöÇΓöÇΓöÇΓöÇΓöÇΓö
ÇΓöÇΓöÇΓöÇΓöÇΓöÇΓöÇΓöÇΓöÇΓöÇΓöÇΓöÇΓöÇΓöÇΓöÇΓöÇΓöÇΓö
ÇΓöÇΓöÇ */[39m
transforming...Γ£ô 2550 modules transformed.
[31mΓ£ù[39m Build failed in 1.02s
[31merror during build:
[31mBuild failed with 2 errors:

[31m[UNRESOLVED_IMPORT] Error:[0m Could not 
resolve '../../store/useAuthStore' in 
src/components/Navbar.jsx
   [38;5;246mΓò¡[0m[38;5;246mΓöÇ[0m[38;5;246m[
[0m src/components/Navbar.jsx:2:30 
[38;5;246m][0m
   [38;5;246mΓöé[0m
 [38;5;246m2 Γöé[0m [38;5;249mi[0m[38;5;249mm
[0m[38;5;249mp[0m[38;5;249mo[0m[38;5;249mr[0m
[38;5;249mt[0m[38;5;249m 
[0m[38;5;249m{[0m[38;5;249m [0m[38;5;249mu[0
m[38;5;249ms[0m[38;5;249me[0m[38;5;249mA[0m[
38;5;249mu[0m[38;5;249mt[0m[38;5;249mh[0m[38;
5;249mS[0m[38;5;249mt[0m[38;5;249mo[0m[38;5;2
49mr[0m[38;5;249me[0m[38;5;249m 
[0m[38;5;249m}[0m[38;5;249m [0m[38;5;249mf[0
m[38;5;249mr[0m[38;5;249mo[0m[38;5;249mm[0m[
38;5;249m 
[0m"../../store/useAuthStore"[38;5;249m;[0m
 [38;5;240m  Γöé[0m                              
ΓöÇΓöÇΓöÇΓöÇΓöÇΓöÇΓöÇΓöÇΓöÇΓöÇΓöÇΓöÇΓöÇΓö¼ΓöÇΓöÇΓöÇ
ΓöÇΓöÇΓöÇΓöÇΓöÇΓöÇΓöÇΓöÇΓöÇ  
 [38;5;240m  Γöé[0m                              
             
Γò░ΓöÇΓöÇΓöÇΓöÇΓöÇΓöÇΓöÇΓöÇΓöÇΓöÇΓöÇΓöÇΓöÇΓöÇ 
Module not found.
 [38;5;240m  Γöé[0m 
 [38;5;240m  Γöé[0m [38;5;115mHelp[0m: 
'src/components/Navbar.jsx' is imported by the 
following path:
 [38;5;240m  Γöé[0m         - 
src/components/Navbar.jsx
 [38;5;240m  Γöé[0m         - src/App.jsx
 [38;5;240m  Γöé[0m         - src/main.jsx
 [38;5;240m  Γöé[0m         - index.html
[38;5;246mΓöÇΓöÇΓöÇΓò»[0m

[31m[UNRESOLVED_IMPORT] Error:[0m Could not 
resolve '../../store/useUIStore' in 
src/components/Navbar.jsx
   [38;5;246mΓò¡[0m[38;5;246mΓöÇ[0m[38;5;246m[
[0m src/components/Navbar.jsx:4:28 
[38;5;246m][0m
   [38;5;246mΓöé[0m
 [38;5;246m4 Γöé[0m [38;5;249mi[0m[38;5;249mm
[0m[38;5;249mp[0m[38;5;249mo[0m[38;5;249mr[0m
[38;5;249mt[0m[38;5;249m 
[0m[38;5;249m{[0m[38;5;249m [0m[38;5;249mu[0
m[38;5;249ms[0m[38;5;249me[0m[38;5;249mU[0m[
38;5;249mI[0m[38;5;249mS[0m[38;5;249mt[0m[38;
5;249mo[0m[38;5;249mr[0m[38;5;249me[0m[38;5;2
49m [0m[38;5;249m}[0m[38;5;249m [0m[38;5;249m
f[0m[38;5;249mr[0m[38;5;249mo[0m[38;5;249mm[
0m[38;5;249m 
[0m"../../store/useUIStore"[38;5;249m;[0m
 [38;5;240m  Γöé[0m                            Γö
ÇΓöÇΓöÇΓöÇΓöÇΓöÇΓöÇΓöÇΓöÇΓöÇΓöÇΓöÇΓö¼ΓöÇΓöÇΓöÇΓöÇΓö
ÇΓöÇΓöÇΓöÇΓöÇΓöÇΓöÇ  
 [38;5;240m  Γöé[0m                              
          
Γò░ΓöÇΓöÇΓöÇΓöÇΓöÇΓöÇΓöÇΓöÇΓöÇΓöÇΓöÇΓöÇΓöÇ Module 
not found.
 [38;5;240m  Γöé[0m 
 [38;5;240m  Γöé[0m [38;5;115mHelp[0m: 
'src/components/Navbar.jsx' is imported by the 
following path:
 [38;5;240m  Γöé[0m         - 
src/components/Navbar.jsx
 [38;5;240m  Γöé[0m         - src/App.jsx
 [38;5;240m  Γöé[0m         - src/main.jsx
 [38;5;240m  Γöé[0m         - index.html
[38;5;246mΓöÇΓöÇΓöÇΓò»[0m
[31m
    at aggregateBindingErrorsIntoJsError (file:///C
:/Users/prave/OneDrive/Desktop/practise/chat_app/fr
ontend/node_modules/rolldown/dist/shared/error-BLhc
Syeg.mjs:48:18)
    at unwrapBindingResult (file:///C:/Users/prave/
OneDrive/Desktop/practise/chat_app/frontend/node_mo
dules/rolldown/dist/shared/error-BLhcSyeg.mjs:18:12
8)
    at #build (file:///C:/Users/prave/OneDrive/Desk
top/practise/chat_app/frontend/node_modules/rolldow
n/dist/shared/rolldown-build-CPrIX9V6.mjs:3313:34)
    at async buildEnvironment (file:///C:/Users/pra
ve/OneDrive/Desktop/practise/chat_app/frontend/node
_modules/vite/dist/node/chunks/node.js:32849:64)
    at async Object.build (file:///C:/Users/prave/O
neDrive/Desktop/practise/chat_app/frontend/node_mod
ules/vite/dist/node/chunks/node.js:33271:19)
    at async Object.buildApp (file:///C:/Users/prav
e/OneDrive/Desktop/practise/chat_app/frontend/node_
modules/vite/dist/node/chunks/node.js:33268:153)
    at async CAC.<anonymous> (file:///C:/Users/prav
e/OneDrive/Desktop/practise/chat_app/frontend/node_
modules/vite/dist/node/cli.js:778:3) {
  errors: [Getter/Setter]
}[39m
